// Jest Snapshot v1, https://goo.gl/fbAQLP

exports[`Add contacts matches snapshot 1`] = `
<div
  className="container"
>
  <div>
    <h2>
      Log in
    </h2>
    
    <form
      onSubmit={[Function]}
    >
      <label
        htmlFor="login-username"
      >
        Username
      </label>
      <input
        id="login-username"
        onChange={[Function]}
        type="text"
      />
      <label
        htmlFor="login-password"
      >
        Password
      </label>
      <input
        id="login-password"
        onChange={[Function]}
        type="password"
      />
      <input
        type="submit"
        value="Log in"
      />
    </form>
    <h5>
      <a
        href="/Register"
        onClick={[Function]}
      >
        Don't have an account ?
      </a>
    </h5>
    <h6>
      <a
        href="/reset"
        onClick={[Function]}
      >
        Forgot password ?
      </a>
    </h6>
  </div>
</div>
`;

exports[`Contact Component matches snapshot 1`] = `
<div
  className="container"
>
  <div>
    <h2>
      Log in
    </h2>
    
    <form
      onSubmit={[Function]}
    >
      <label
        htmlFor="login-username"
      >
        Username
      </label>
      <input
        id="login-username"
        onChange={[Function]}
        type="text"
      />
      <label
        htmlFor="login-password"
      >
        Password
      </label>
      <input
        id="login-password"
        onChange={[Function]}
        type="password"
      />
      <input
        type="submit"
        value="Log in"
      />
    </form>
    <h5>
      <a
        href="/Register"
        onClick={[Function]}
      >
        Don't have an account ?
      </a>
    </h5>
    <h6>
      <a
        href="/reset"
        onClick={[Function]}
      >
        Forgot password ?
      </a>
    </h6>
  </div>
</div>
`;

exports[`Create post matches snapshot 1`] = `
<div
  className="container"
>
  <div>
    <h2>
      Log in
    </h2>
    
    <form
      onSubmit={[Function]}
    >
      <label
        htmlFor="login-username"
      >
        Username
      </label>
      <input
        id="login-username"
        onChange={[Function]}
        type="text"
      />
      <label
        htmlFor="login-password"
      >
        Password
      </label>
      <input
        id="login-password"
        onChange={[Function]}
        type="password"
      />
      <input
        type="submit"
        value="Log in"
      />
    </form>
    <h5>
      <a
        href="/Register"
        onClick={[Function]}
      >
        Don't have an account ?
      </a>
    </h5>
    <h6>
      <a
        href="/reset"
        onClick={[Function]}
      >
        Forgot password ?
      </a>
    </h6>
  </div>
</div>
`;

exports[`Delete Contact matches snapshot 1`] = `
<div
  className="container"
>
  <div>
    <h2>
      Log in
    </h2>
    
    <form
      onSubmit={[Function]}
    >
      <label
        htmlFor="login-username"
      >
        Username
      </label>
      <input
        id="login-username"
        onChange={[Function]}
        type="text"
      />
      <label
        htmlFor="login-password"
      >
        Password
      </label>
      <input
        id="login-password"
        onChange={[Function]}
        type="password"
      />
      <input
        type="submit"
        value="Log in"
      />
    </form>
    <h5>
      <a
        href="/Register"
        onClick={[Function]}
      >
        Don't have an account ?
      </a>
    </h5>
    <h6>
      <a
        href="/reset"
        onClick={[Function]}
      >
        Forgot password ?
      </a>
    </h6>
  </div>
</div>
`;

exports[`Main View matches snapshot 1`] = `
<div
  className="container"
>
  <div>
    <h2>
      Log in
    </h2>
    
    <form
      onSubmit={[Function]}
    >
      <label
        htmlFor="login-username"
      >
        Username
      </label>
      <input
        id="login-username"
        onChange={[Function]}
        type="text"
      />
      <label
        htmlFor="login-password"
      >
        Password
      </label>
      <input
        id="login-password"
        onChange={[Function]}
        type="password"
      />
      <input
        type="submit"
        value="Log in"
      />
    </form>
    <h5>
      <a
        href="/Register"
        onClick={[Function]}
      >
        Don't have an account ?
      </a>
    </h5>
    <h6>
      <a
        href="/reset"
        onClick={[Function]}
      >
        Forgot password ?
      </a>
    </h6>
  </div>
</div>
`;

exports[`Message Component matches snapshot 1`] = `
<div
  className="container"
>
  <div>
    <h2>
      Log in
    </h2>
    
    <form
      onSubmit={[Function]}
    >
      <label
        htmlFor="login-username"
      >
        Username
      </label>
      <input
        id="login-username"
        onChange={[Function]}
        type="text"
      />
      <label
        htmlFor="login-password"
      >
        Password
      </label>
      <input
        id="login-password"
        onChange={[Function]}
        type="password"
      />
      <input
        type="submit"
        value="Log in"
      />
    </form>
    <h5>
      <a
        href="/Register"
        onClick={[Function]}
      >
        Don't have an account ?
      </a>
    </h5>
    <h6>
      <a
        href="/reset"
        onClick={[Function]}
      >
        Forgot password ?
      </a>
    </h6>
  </div>
</div>
`;

exports[`New Password matches snapshot 1`] = `
<div
  className="container"
>
  <div>
    <h2>
      Log in
    </h2>
    
    <form
      onSubmit={[Function]}
    >
      <label
        htmlFor="login-username"
      >
        Username
      </label>
      <input
        id="login-username"
        onChange={[Function]}
        type="text"
      />
      <label
        htmlFor="login-password"
      >
        Password
      </label>
      <input
        id="login-password"
        onChange={[Function]}
        type="password"
      />
      <input
        type="submit"
        value="Log in"
      />
    </form>
    <h5>
      <a
        href="/Register"
        onClick={[Function]}
      >
        Don't have an account ?
      </a>
    </h5>
    <h6>
      <a
        href="/reset"
        onClick={[Function]}
      >
        Forgot password ?
      </a>
    </h6>
  </div>
</div>
`;

exports[`Options matches snapshot 1`] = `
<div
  className="container"
>
  <div>
    <h2>
      Log in
    </h2>
    
    <form
      onSubmit={[Function]}
    >
      <label
        htmlFor="login-username"
      >
        Username
      </label>
      <input
        id="login-username"
        onChange={[Function]}
        type="text"
      />
      <label
        htmlFor="login-password"
      >
        Password
      </label>
      <input
        id="login-password"
        onChange={[Function]}
        type="password"
      />
      <input
        type="submit"
        value="Log in"
      />
    </form>
    <h5>
      <a
        href="/Register"
        onClick={[Function]}
      >
        Don't have an account ?
      </a>
    </h5>
    <h6>
      <a
        href="/reset"
        onClick={[Function]}
      >
        Forgot password ?
      </a>
    </h6>
  </div>
</div>
`;

exports[`Participant matches snapshot 1`] = `
<div
  className="container"
>
  <div>
    <h2>
      Log in
    </h2>
    
    <form
      onSubmit={[Function]}
    >
      <label
        htmlFor="login-username"
      >
        Username
      </label>
      <input
        id="login-username"
        onChange={[Function]}
        type="text"
      />
      <label
        htmlFor="login-password"
      >
        Password
      </label>
      <input
        id="login-password"
        onChange={[Function]}
        type="password"
      />
      <input
        type="submit"
        value="Log in"
      />
    </form>
    <h5>
      <a
        href="/Register"
        onClick={[Function]}
      >
        Don't have an account ?
      </a>
    </h5>
    <h6>
      <a
        href="/reset"
        onClick={[Function]}
      >
        Forgot password ?
      </a>
    </h6>
  </div>
</div>
`;

exports[`Post Carousel matches snapshot 1`] = `
<div
  className="container"
>
  <div>
    <h2>
      Log in
    </h2>
    
    <form
      onSubmit={[Function]}
    >
      <label
        htmlFor="login-username"
      >
        Username
      </label>
      <input
        id="login-username"
        onChange={[Function]}
        type="text"
      />
      <label
        htmlFor="login-password"
      >
        Password
      </label>
      <input
        id="login-password"
        onChange={[Function]}
        type="password"
      />
      <input
        type="submit"
        value="Log in"
      />
    </form>
    <h5>
      <a
        href="/Register"
        onClick={[Function]}
      >
        Don't have an account ?
      </a>
    </h5>
    <h6>
      <a
        href="/reset"
        onClick={[Function]}
      >
        Forgot password ?
      </a>
    </h6>
  </div>
</div>
`;

exports[`Reset matches snapshot 1`] = `
<div
  className="container"
>
  <div>
    <h2>
      Log in
    </h2>
    
    <form
      onSubmit={[Function]}
    >
      <label
        htmlFor="login-username"
      >
        Username
      </label>
      <input
        id="login-username"
        onChange={[Function]}
        type="text"
      />
      <label
        htmlFor="login-password"
      >
        Password
      </label>
      <input
        id="login-password"
        onChange={[Function]}
        type="password"
      />
      <input
        type="submit"
        value="Log in"
      />
    </form>
    <h5>
      <a
        href="/Register"
        onClick={[Function]}
      >
        Don't have an account ?
      </a>
    </h5>
    <h6>
      <a
        href="/reset"
        onClick={[Function]}
      >
        Forgot password ?
      </a>
    </h6>
  </div>
</div>
`;

exports[`Search Component matches snapshot 1`] = `
<div
  className="container"
>
  <div>
    <h2>
      Log in
    </h2>
    
    <form
      onSubmit={[Function]}
    >
      <label
        htmlFor="login-username"
      >
        Username
      </label>
      <input
        id="login-username"
        onChange={[Function]}
        type="text"
      />
      <label
        htmlFor="login-password"
      >
        Password
      </label>
      <input
        id="login-password"
        onChange={[Function]}
        type="password"
      />
      <input
        type="submit"
        value="Log in"
      />
    </form>
    <h5>
      <a
        href="/Register"
        onClick={[Function]}
      >
        Don't have an account ?
      </a>
    </h5>
    <h6>
      <a
        href="/reset"
        onClick={[Function]}
      >
        Forgot password ?
      </a>
    </h6>
  </div>
</div>
`;

exports[`Search Side Bar matches snapshot 1`] = `
<div
  className="container"
>
  <div>
    <h2>
      Log in
    </h2>
    
    <form
      onSubmit={[Function]}
    >
      <label
        htmlFor="login-username"
      >
        Username
      </label>
      <input
        id="login-username"
        onChange={[Function]}
        type="text"
      />
      <label
        htmlFor="login-password"
      >
        Password
      </label>
      <input
        id="login-password"
        onChange={[Function]}
        type="password"
      />
      <input
        type="submit"
        value="Log in"
      />
    </form>
    <h5>
      <a
        href="/Register"
        onClick={[Function]}
      >
        Don't have an account ?
      </a>
    </h5>
    <h6>
      <a
        href="/reset"
        onClick={[Function]}
      >
        Forgot password ?
      </a>
    </h6>
  </div>
</div>
`;

exports[`VideoRoom matches snapshot 1`] = `
<div
  className="container"
>
  <div>
    <h2>
      Log in
    </h2>
    
    <form
      onSubmit={[Function]}
    >
      <label
        htmlFor="login-username"
      >
        Username
      </label>
      <input
        id="login-username"
        onChange={[Function]}
        type="text"
      />
      <label
        htmlFor="login-password"
      >
        Password
      </label>
      <input
        id="login-password"
        onChange={[Function]}
        type="password"
      />
      <input
        type="submit"
        value="Log in"
      />
    </form>
    <h5>
      <a
        href="/Register"
        onClick={[Function]}
      >
        Don't have an account ?
      </a>
    </h5>
    <h6>
      <a
        href="/reset"
        onClick={[Function]}
      >
        Forgot password ?
      </a>
    </h6>
  </div>
</div>
`;

exports[`delete Message Button matches snapshot 1`] = `<deleteMessageButton />`;

exports[`delete media message button matches snapshot 1`] = `<deleteMediaMessageButton />`;

exports[`login matches snapshot 1`] = `
<div
  className="container"
>
  <div>
    <h2>
      Log in
    </h2>
    
    <form
      onSubmit={[Function]}
    >
      <label
        htmlFor="login-username"
      >
        Username
      </label>
      <input
        id="login-username"
        onChange={[Function]}
        type="text"
      />
      <label
        htmlFor="login-password"
      >
        Password
      </label>
      <input
        id="login-password"
        onChange={[Function]}
        type="password"
      />
      <input
        type="submit"
        value="Log in"
      />
    </form>
    <h5>
      <a
        href="/Register"
        onClick={[Function]}
      >
        Don't have an account ?
      </a>
    </h5>
    <h6>
      <a
        href="/reset"
        onClick={[Function]}
      >
        Forgot password ?
      </a>
    </h6>
  </div>
</div>
`;

exports[`register matches snapshot 1`] = `
<div
  className="container"
>
  <div>
    Home
  </div>
</div>
`;

exports[`use Interval matches snapshot 1`] = `<useInterval />`;
